iv1    d=2 null rep1  err s/c = 0.0946/0.0929   tauErr s/c = 0.044/0.045  gaussian
iv1    d=2 null rep2  err s/c = 0.0781/0.0755   tauErr s/c = 0.033/0.028  gaussian
iv1    d=2 null rep3  err s/c = 0.0520/0.0545   tauErr s/c = 0.076/0.073  gaussian
iv1    d=2 null rep4  err s/c = 0.0192/0.0202   tauErr s/c = 0.022/0.015  gaussian
iv1    d=2 null rep5  err s/c = 0.0488/0.0475   tauErr s/c = 0.001/0.010  gaussian
iv1    d=2 alt  rep1  err s/c = 0.0546/0.0523   tauErr s/c = 0.027/0.056  gumbel
iv1    d=2 alt  rep2  err s/c = 0.0340/0.0342   tauErr s/c = 0.154/0.141  gumbel
iv1    d=2 alt  rep3  err s/c = 0.0537/0.0579   tauErr s/c = 0.108/0.104  clayton
iv1    d=2 alt  rep4  err s/c = 0.0389/0.0368   tauErr s/c = 0.020/0.021  gaussian
iv1    d=2 alt  rep5  err s/c = 0.0439/0.0445   tauErr s/c = 0.044/0.074  clayton
oral1  d=3 null rep1  err s/c = 0.0410/0.0387   tauErr s/c = 0.046/0.045  gaussian,gaussian,gaussian
oral1  d=3 null rep2  err s/c = 0.0387/0.0393   tauErr s/c = 0.103/0.116  gaussian,gaussian,gaussian
oral1  d=3 null rep3  err s/c = 0.0466/0.0499   tauErr s/c = 0.072/0.076  gaussian,gaussian,gaussian
oral1  d=3 null rep4  err s/c = 0.0499/0.0508   tauErr s/c = 0.055/0.058  gaussian,gaussian,gaussian
oral1  d=3 null rep5  err s/c = 0.0486/0.0445   tauErr s/c = 0.055/0.052  gaussian,gaussian,gaussian
oral1  d=3 alt  rep1  err s/c = 0.0618/0.0616   tauErr s/c = 0.029/0.054  frank,gumbel,gumbel
oral1  d=3 alt  rep2  err s/c = 0.0324/0.0315   tauErr s/c = 0.109/0.122  gumbel,gumbel,gumbel
oral1  d=3 alt  rep3  err s/c = 0.0395/0.0353   tauErr s/c = 0.066/0.045  gaussian,gumbel,gaussian
oral1  d=3 alt  rep4  err s/c = 0.0356/0.0370   tauErr s/c = 0.024/0.023  clayton,gaussian,gaussian
oral1  d=3 alt  rep5  err s/c = 0.0437/0.0448   tauErr s/c = 0.025/0.033  gaussian,gumbel,frank
iv2    d=4 null rep1  err s/c = 0.0440/0.0624   tauErr s/c = 0.055/0.055  gaussian,gaussian,gaussian,gaussian,gaussian,gaussian
iv2    d=4 null rep2  err s/c = 0.0555/0.0499   tauErr s/c = 0.086/0.077  gaussian,gaussian,gaussian,gaussian,gaussian,gaussian
iv2    d=4 null rep3  err s/c = 0.0445/0.0442   tauErr s/c = 0.086/0.076  gaussian,gaussian,gaussian,gaussian,gaussian,gaussian
iv2    d=4 null rep4  err s/c = 0.0454/0.0711   tauErr s/c = 0.046/0.208  gaussian,gaussian,gaussian,gaussian,gaussian,gaussian
iv2    d=4 null rep5  err s/c = 0.0386/0.0400   tauErr s/c = 0.050/0.051  gaussian,gaussian,gaussian,gaussian,gaussian,gaussian
iv2    d=4 alt  rep1  err s/c = 0.0577/0.0611   tauErr s/c = 0.030/0.085  clayton,clayton,gumbel,clayton,gumbel,gumbel
iv2    d=4 alt  rep2  err s/c = 0.0335/0.0563   tauErr s/c = 0.061/0.114  gaussian,gumbel,gumbel,gaussian,gaussian,gumbel
iv2    d=4 alt  rep3  err s/c = 0.0393/0.0579   tauErr s/c = 0.057/0.102  gumbel,clayton,clayton,clayton,gumbel,gumbel
iv2    d=4 alt  rep4  err s/c = 0.0628/0.0812   tauErr s/c = 0.035/0.134  clayton,gaussian,gaussian,gaussian,clayton,clayton
iv2    d=4 alt  rep5  err s/c = 0.0730/0.0893   tauErr s/c = 0.049/0.098  gumbel,gaussian,gumbel,frank,gumbel,frank

model  d   arm    errStock    errCop   ratio  tauErrStk  tauErrCop
iv1    2   null     0.0586    0.0581    0.99      0.035      0.034
iv1    2   alt      0.0450    0.0452    1.00      0.071      0.079
oral1  3   null     0.0450    0.0446    0.99      0.066      0.069
oral1  3   alt      0.0426    0.0420    0.99      0.051      0.056
iv2    4   null     0.0456    0.0535    1.17      0.065      0.093
iv2    4   alt      0.0533    0.0692    1.30      0.046      0.107
Error: unexpected ',' in "(res$errCop[k]),"
Execution halted
